  Program.cpp
C:\Users\USERK\Desktop\data-structure\Program\Program.cpp(32,13): error C2440: '=': 'T'에서 'Set<int>::Node *'(으)로 변환할 수 없습니다.
C:\Users\USERK\Desktop\data-structure\Program\Program.cpp(32,13): error C2440:         with
C:\Users\USERK\Desktop\data-structure\Program\Program.cpp(32,13): error C2440:         [
C:\Users\USERK\Desktop\data-structure\Program\Program.cpp(32,13): error C2440:             T=int
C:\Users\USERK\Desktop\data-structure\Program\Program.cpp(32,13): error C2440:         ]
      C:\Users\USERK\Desktop\data-structure\Program\Program.cpp(32,13):
      정수 계열 형식에서 포인터 형식으로 변환하려면 reinterpret_cast, C 스타일 캐스트 또는 괄호가 있는 함수 스타일 캐스트가 필요합니다.
      C:\Users\USERK\Desktop\data-structure\Program\Program.cpp(32,13):
      템플릿 인스턴스화 컨텍스트(가장 오래된 인스턴스화 컨텍스트)가
          C:\Users\USERK\Desktop\data-structure\Program\Program.cpp(50,11):
          컴파일되는 클래스 템플릿 인스턴스화 'Set<int>'에 대한 참조를 확인하세요.
          C:\Users\USERK\Desktop\data-structure\Program\Program.cpp(23,7):
          클래스 템플릿 멤버 함수 'void Set<int>::insert(T)'을(를) 컴파일하는 중입니다.
          with
          [
              T=int
          ]
              C:\Users\USERK\Desktop\data-structure\Program\Program.cpp(52,12):
              'main'에서 'Set<int>::insert'에 대한 첫 번째 참조를 확인하세요.
  
